{"level":"\u001b[32minfo\u001b[39m","message":"Connected to SQLite database","timestamp":"2025-08-05 22:24:00"}
{"level":"\u001b[32minfo\u001b[39m","message":"Connected to SQLite database","timestamp":"2025-08-05 22:24:21"}
{"level":"\u001b[32minfo\u001b[39m","message":"Connected to SQLite database","timestamp":"2025-08-05 22:24:22"}
{"level":"\u001b[32minfo\u001b[39m","message":"Connected to SQLite database","timestamp":"2025-08-05 22:29:42"}
{"level":"\u001b[32minfo\u001b[39m","message":"Connected to SQLite database","timestamp":"2025-08-05 22:29:59"}
{"level":"\u001b[32minfo\u001b[39m","message":"Connected to SQLite database","timestamp":"2025-08-05 22:31:19"}
{"level":"\u001b[32minfo\u001b[39m","message":"Connected to SQLite database","timestamp":"2025-08-05 22:31:19"}
{"level":"\u001b[32minfo\u001b[39m","message":"Connected to SQLite database","timestamp":"2025-08-05 22:31:49"}
{"level":"\u001b[32minfo\u001b[39m","message":"Connected to SQLite database","timestamp":"2025-08-05 22:37:17"}
{"level":"\u001b[32minfo\u001b[39m","message":"Connected to SQLite database","timestamp":"2025-08-05 22:38:06"}
{"level":"\u001b[32minfo\u001b[39m","message":"Connected to SQLite database","timestamp":"2025-08-05 22:38:07"}
{"level":"\u001b[32minfo\u001b[39m","message":"Connected to SQLite database","timestamp":"2025-08-05 22:40:07"}
{"level":"\u001b[32minfo\u001b[39m","message":"Connected to SQLite database","timestamp":"2025-08-05 22:40:20"}
{"level":"\u001b[32minfo\u001b[39m","message":"Connected to SQLite database","timestamp":"2025-08-05 22:40:40"}
{"level":"\u001b[32minfo\u001b[39m","message":"Connected to SQLite database","timestamp":"2025-08-05 22:40:40"}
{"level":"\u001b[32minfo\u001b[39m","message":"Connected to SQLite database","timestamp":"2025-08-05 22:40:59"}
{"level":"\u001b[32minfo\u001b[39m","message":"WebSocket server is running","timestamp":"2025-08-05 22:41:25"}
{"level":"\u001b[32minfo\u001b[39m","message":"Server is running on port 8001","timestamp":"2025-08-05 22:41:25"}
{"level":"\u001b[32minfo\u001b[39m","message":"Connected to SQLite database","timestamp":"2025-08-05 22:41:25"}
{"level":"\u001b[32minfo\u001b[39m","message":"WebSocket server is running","timestamp":"2025-08-05 22:41:25"}
{"level":"\u001b[32minfo\u001b[39m","message":"WebSocket server is running","timestamp":"2025-08-05 22:41:25"}
{"level":"\u001b[32minfo\u001b[39m","message":"Foreign key constraints enabled","timestamp":"2025-08-05 22:41:25"}
{"level":"\u001b[31merror\u001b[39m","message":"Error checking for admin user:","timestamp":"2025-08-05 22:41:25"}
{"level":"\u001b[32minfo\u001b[39m","message":"WebSocket server is running","timestamp":"2025-08-05 22:41:41"}
{"level":"\u001b[32minfo\u001b[39m","message":"Server is running on port 8001","timestamp":"2025-08-05 22:41:41"}
{"level":"\u001b[32minfo\u001b[39m","message":"Connected to SQLite database","timestamp":"2025-08-05 22:41:41"}
{"level":"\u001b[32minfo\u001b[39m","message":"Foreign key constraints enabled","timestamp":"2025-08-05 22:41:41"}
{"level":"\u001b[32minfo\u001b[39m","message":"Admin user created successfully","timestamp":"2025-08-05 22:41:41"}
{"level":"\u001b[31merror\u001b[39m","message":"SyntaxError: Expected property name or '}' in JSON at position 1 (line 1 column 2)\n    at JSON.parse (<anonymous>)\n    at parse (C:\\Users\\Ivan Xavier\\CascadeProjects\\roulette_go\\backend_js\\node_modules\\body-parser\\lib\\types\\json.js:92:19)\n    at C:\\Users\\Ivan Xavier\\CascadeProjects\\roulette_go\\backend_js\\node_modules\\body-parser\\lib\\read.js:128:18\n    at AsyncResource.runInAsyncScope (node:async_hooks:214:14)\n    at invokeCallback (C:\\Users\\Ivan Xavier\\CascadeProjects\\roulette_go\\backend_js\\node_modules\\raw-body\\index.js:238:16)\n    at done (C:\\Users\\Ivan Xavier\\CascadeProjects\\roulette_go\\backend_js\\node_modules\\raw-body\\index.js:227:7)\n    at IncomingMessage.onEnd (C:\\Users\\Ivan Xavier\\CascadeProjects\\roulette_go\\backend_js\\node_modules\\raw-body\\index.js:287:7)\n    at IncomingMessage.emit (node:events:518:28)\n    at endReadableNT (node:internal/streams/readable:1698:12)\n    at process.processTicksAndRejections (node:internal/process/task_queues:90:21)","timestamp":"2025-08-05 22:44:37"}
{"level":"\u001b[32minfo\u001b[39m","message":"WebSocket server is running","timestamp":"2025-08-05 22:54:28"}
{"level":"\u001b[32minfo\u001b[39m","message":"Server is running on port 8001","timestamp":"2025-08-05 22:54:28"}
{"level":"\u001b[32minfo\u001b[39m","message":"Connected to SQLite database","timestamp":"2025-08-05 22:54:28"}
{"level":"\u001b[32minfo\u001b[39m","message":"WebSocket server is running","timestamp":"2025-08-05 22:54:28"}
{"level":"\u001b[32minfo\u001b[39m","message":"Foreign key constraints enabled","timestamp":"2025-08-05 22:54:28"}
{"level":"\u001b[32minfo\u001b[39m","message":"Admin user already exists","timestamp":"2025-08-05 22:54:28"}
{"level":"\u001b[32minfo\u001b[39m","message":"WebSocket server is running","timestamp":"2025-08-05 22:54:28"}
{"level":"\u001b[32minfo\u001b[39m","message":"WebSocket server is running","timestamp":"2025-08-05 22:54:28"}
{"level":"\u001b[32minfo\u001b[39m","message":"WebSocket server is running","timestamp":"2025-08-05 23:00:06"}
{"level":"\u001b[32minfo\u001b[39m","message":"WebSocket server is running","timestamp":"2025-08-05 23:42:30"}
{"level":"\u001b[32minfo\u001b[39m","message":"WebSocket server is running","timestamp":"2025-08-05 23:42:30"}
{"level":"\u001b[32minfo\u001b[39m","message":"WebSocket server is running","timestamp":"2025-08-05 23:42:30"}
{"level":"\u001b[32minfo\u001b[39m","message":"WebSocket server is running","timestamp":"2025-08-05 23:42:31"}
{"level":"\u001b[32minfo\u001b[39m","message":"Server is running on port 8001","timestamp":"2025-08-05 23:42:31"}
{"level":"\u001b[32minfo\u001b[39m","message":"Connected to SQLite database","timestamp":"2025-08-05 23:42:31"}
{"level":"\u001b[32minfo\u001b[39m","message":"Foreign key constraints enabled","timestamp":"2025-08-05 23:42:31"}
{"level":"\u001b[32minfo\u001b[39m","message":"WebSocket server is running","timestamp":"2025-08-05 23:42:31"}
{"level":"\u001b[32minfo\u001b[39m","message":"Admin user already exists","timestamp":"2025-08-05 23:42:31"}
{"level":"\u001b[32minfo\u001b[39m","message":"WebSocket server is running","timestamp":"2025-08-05 23:42:31"}
{"level":"\u001b[32minfo\u001b[39m","message":"WebSocket server is running","timestamp":"2025-08-05 23:42:31"}
{"level":"\u001b[32minfo\u001b[39m","message":"WebSocket server is running","timestamp":"2025-08-06 12:36:39"}
{"level":"\u001b[32minfo\u001b[39m","message":"WebSocket server is running","timestamp":"2025-08-06 12:36:39"}
{"level":"\u001b[32minfo\u001b[39m","message":"WebSocket server is running","timestamp":"2025-08-06 12:36:39"}
{"level":"\u001b[32minfo\u001b[39m","message":"Server is running on port 8001","timestamp":"2025-08-06 12:36:39"}
{"level":"\u001b[32minfo\u001b[39m","message":"Connected to SQLite database","timestamp":"2025-08-06 12:36:39"}
{"level":"\u001b[32minfo\u001b[39m","message":"WebSocket server is running","timestamp":"2025-08-06 12:36:39"}
{"level":"\u001b[32minfo\u001b[39m","message":"Foreign key constraints enabled","timestamp":"2025-08-06 12:36:39"}
{"level":"\u001b[32minfo\u001b[39m","message":"Admin user already exists","timestamp":"2025-08-06 12:36:39"}
{"level":"\u001b[32minfo\u001b[39m","message":"WebSocket server is running","timestamp":"2025-08-06 12:39:50"}
{"level":"\u001b[32minfo\u001b[39m","message":"WebSocket server is running","timestamp":"2025-08-06 12:39:50"}
{"level":"\u001b[32minfo\u001b[39m","message":"WebSocket server is running","timestamp":"2025-08-06 12:39:50"}
{"level":"\u001b[32minfo\u001b[39m","message":"WebSocket server is running","timestamp":"2025-08-06 12:39:51"}
{"level":"\u001b[32minfo\u001b[39m","message":"Server is running on port 8001","timestamp":"2025-08-06 12:39:51"}
{"level":"\u001b[32minfo\u001b[39m","message":"Connected to SQLite database","timestamp":"2025-08-06 12:39:51"}
{"level":"\u001b[32minfo\u001b[39m","message":"Foreign key constraints enabled","timestamp":"2025-08-06 12:39:51"}
{"level":"\u001b[32minfo\u001b[39m","message":"Admin user already exists","timestamp":"2025-08-06 12:39:51"}
{"level":"\u001b[32minfo\u001b[39m","message":"WebSocket server is running","timestamp":"2025-08-06 12:40:55"}
{"level":"\u001b[32minfo\u001b[39m","message":"Server is running on port 8001","timestamp":"2025-08-06 12:40:55"}
{"level":"\u001b[32minfo\u001b[39m","message":"Connected to SQLite database","timestamp":"2025-08-06 12:40:55"}
{"level":"\u001b[32minfo\u001b[39m","message":"WebSocket server is running","timestamp":"2025-08-06 12:40:55"}
{"level":"\u001b[32minfo\u001b[39m","message":"WebSocket server is running","timestamp":"2025-08-06 12:40:55"}
{"level":"\u001b[32minfo\u001b[39m","message":"Foreign key constraints enabled","timestamp":"2025-08-06 12:40:55"}
{"level":"\u001b[32minfo\u001b[39m","message":"Admin user already exists","timestamp":"2025-08-06 12:40:55"}
{"level":"\u001b[32minfo\u001b[39m","message":"WebSocket server is running","timestamp":"2025-08-06 12:40:55"}
{"level":"\u001b[32minfo\u001b[39m","message":"WebSocket server is running","timestamp":"2025-08-06 12:41:09"}
{"level":"\u001b[32minfo\u001b[39m","message":"Server is running on port 8001","timestamp":"2025-08-06 12:41:09"}
{"level":"\u001b[32minfo\u001b[39m","message":"Connected to SQLite database","timestamp":"2025-08-06 12:41:09"}
{"level":"\u001b[32minfo\u001b[39m","message":"Foreign key constraints enabled","timestamp":"2025-08-06 12:41:09"}
{"level":"\u001b[32minfo\u001b[39m","message":"WebSocket server is running","timestamp":"2025-08-06 12:41:09"}
{"level":"\u001b[32minfo\u001b[39m","message":"Admin user already exists","timestamp":"2025-08-06 12:41:09"}
{"level":"\u001b[32minfo\u001b[39m","message":"WebSocket server is running","timestamp":"2025-08-06 12:41:09"}
{"level":"\u001b[32minfo\u001b[39m","message":"WebSocket server is running","timestamp":"2025-08-06 12:41:09"}
{"level":"\u001b[32minfo\u001b[39m","message":"WebSocket server is running","timestamp":"2025-08-06 12:41:38"}
{"level":"\u001b[32minfo\u001b[39m","message":"Server is running on port 8001","timestamp":"2025-08-06 12:41:38"}
{"level":"\u001b[32minfo\u001b[39m","message":"Connected to SQLite database","timestamp":"2025-08-06 12:41:38"}
{"level":"\u001b[32minfo\u001b[39m","message":"WebSocket server is running","timestamp":"2025-08-06 12:41:38"}
{"level":"\u001b[32minfo\u001b[39m","message":"Foreign key constraints enabled","timestamp":"2025-08-06 12:41:38"}
{"level":"\u001b[32minfo\u001b[39m","message":"WebSocket server is running","timestamp":"2025-08-06 12:41:38"}
{"level":"\u001b[32minfo\u001b[39m","message":"Admin user already exists","timestamp":"2025-08-06 12:41:38"}
{"level":"\u001b[32minfo\u001b[39m","message":"WebSocket server is running","timestamp":"2025-08-06 12:41:38"}
{"level":"\u001b[32minfo\u001b[39m","message":"WebSocket server is running","timestamp":"2025-08-06 13:26:47"}
{"level":"\u001b[32minfo\u001b[39m","message":"Server is running on port 8001","timestamp":"2025-08-06 13:26:47"}
{"level":"\u001b[32minfo\u001b[39m","message":"Connected to SQLite database","timestamp":"2025-08-06 13:26:47"}
{"level":"\u001b[32minfo\u001b[39m","message":"Foreign key constraints enabled","timestamp":"2025-08-06 13:26:47"}
{"level":"\u001b[32minfo\u001b[39m","message":"Admin user already exists","timestamp":"2025-08-06 13:26:47"}
{"level":"\u001b[33mwarn\u001b[39m","message":"No token provided for WebSocket connection","timestamp":"2025-08-06 13:29:03"}
{"level":"\u001b[33mwarn\u001b[39m","message":"Unauthorized WebSocket connection attempt","timestamp":"2025-08-06 13:29:03"}
{"level":"\u001b[32minfo\u001b[39m","message":"WebSocket server is running","timestamp":"2025-08-06 18:48:46"}
{"level":"\u001b[32minfo\u001b[39m","message":"Server is running on port 8001","timestamp":"2025-08-06 18:48:46"}
{"level":"\u001b[32minfo\u001b[39m","message":"Connected to SQLite database","timestamp":"2025-08-06 18:48:46"}
{"level":"\u001b[32minfo\u001b[39m","message":"Foreign key constraints enabled","timestamp":"2025-08-06 18:48:46"}
{"level":"\u001b[32minfo\u001b[39m","message":"Admin user already exists","timestamp":"2025-08-06 18:48:46"}
{"level":"\u001b[32minfo\u001b[39m","message":"WebSocket server is running","timestamp":"2025-08-06 18:53:44"}
{"level":"\u001b[32minfo\u001b[39m","message":"Server is running on port 8001","timestamp":"2025-08-06 18:53:44"}
{"level":"\u001b[32minfo\u001b[39m","message":"Connected to SQLite database","timestamp":"2025-08-06 18:53:44"}
{"level":"\u001b[32minfo\u001b[39m","message":"Foreign key constraints enabled","timestamp":"2025-08-06 18:53:44"}
{"level":"\u001b[32minfo\u001b[39m","message":"Admin user already exists","timestamp":"2025-08-06 18:53:44"}
{"level":"\u001b[32minfo\u001b[39m","message":"WebSocket server is running","timestamp":"2025-08-07 17:35:21"}
{"level":"\u001b[32minfo\u001b[39m","message":"WebSocket server is running","timestamp":"2025-08-07 18:11:08"}
{"level":"\u001b[32minfo\u001b[39m","message":"Server is running on port 8001","timestamp":"2025-08-07 18:11:08"}
{"level":"\u001b[32minfo\u001b[39m","message":"Connected to SQLite database","timestamp":"2025-08-07 18:11:08"}
{"level":"\u001b[32minfo\u001b[39m","message":"Foreign key constraints enabled","timestamp":"2025-08-07 18:11:08"}
{"level":"\u001b[32minfo\u001b[39m","message":"Admin user already exists","timestamp":"2025-08-07 18:11:08"}
{"level":"\u001b[33mwarn\u001b[39m","message":"JWT verification failed:","timestamp":"2025-08-07 19:04:48"}
{"level":"\u001b[33mwarn\u001b[39m","message":"JWT verification failed:","timestamp":"2025-08-07 19:04:48"}
{"level":"\u001b[32minfo\u001b[39m","message":"WebSocket server is running","timestamp":"2025-08-07 19:33:03"}
{"level":"\u001b[32minfo\u001b[39m","message":"Server is running on port 8001","timestamp":"2025-08-07 19:33:03"}
{"level":"\u001b[32minfo\u001b[39m","message":"Connected to SQLite database","timestamp":"2025-08-07 19:33:03"}
{"level":"\u001b[32minfo\u001b[39m","message":"Foreign key constraints enabled","timestamp":"2025-08-07 19:33:03"}
{"level":"\u001b[32minfo\u001b[39m","message":"Admin user already exists","timestamp":"2025-08-07 19:33:03"}
{"level":"\u001b[32minfo\u001b[39m","message":"WebSocket server is running","timestamp":"2025-08-07 21:05:30"}
{"level":"\u001b[32minfo\u001b[39m","message":"WebSocket server is running","timestamp":"2025-08-07 21:51:34"}
{"level":"\u001b[32minfo\u001b[39m","message":"Connected to SQLite database","timestamp":"2025-08-07 21:51:34"}
{"level":"\u001b[32minfo\u001b[39m","message":"WebSocket server is running","timestamp":"2025-08-07 22:04:51"}
{"level":"\u001b[32minfo\u001b[39m","message":"WebSocket server is running","timestamp":"2025-08-07 23:26:31"}
{"level":"\u001b[32minfo\u001b[39m","message":"Server is running on port 8001","timestamp":"2025-08-07 23:26:31"}
{"level":"\u001b[32minfo\u001b[39m","message":"Connected to SQLite database","timestamp":"2025-08-07 23:26:31"}
{"level":"\u001b[32minfo\u001b[39m","message":"Foreign key constraints enabled","timestamp":"2025-08-07 23:26:31"}
{"level":"\u001b[32minfo\u001b[39m","message":"Admin user already exists","timestamp":"2025-08-07 23:26:31"}
{"level":"\u001b[33mwarn\u001b[39m","message":"No token provided for WebSocket connection","timestamp":"2025-08-08 00:07:29"}
{"level":"\u001b[33mwarn\u001b[39m","message":"Unauthorized WebSocket connection attempt","timestamp":"2025-08-08 00:07:29"}
{"level":"\u001b[33mwarn\u001b[39m","message":"No token provided for WebSocket connection","timestamp":"2025-08-08 00:07:35"}
{"level":"\u001b[33mwarn\u001b[39m","message":"Unauthorized WebSocket connection attempt","timestamp":"2025-08-08 00:07:35"}
{"level":"\u001b[33mwarn\u001b[39m","message":"No token provided for WebSocket connection","timestamp":"2025-08-08 00:07:35"}
{"level":"\u001b[33mwarn\u001b[39m","message":"Unauthorized WebSocket connection attempt","timestamp":"2025-08-08 00:07:35"}
{"level":"\u001b[33mwarn\u001b[39m","message":"No token provided for WebSocket connection","timestamp":"2025-08-08 00:08:13"}
{"level":"\u001b[33mwarn\u001b[39m","message":"Unauthorized WebSocket connection attempt","timestamp":"2025-08-08 00:08:13"}
{"level":"\u001b[33mwarn\u001b[39m","message":"No token provided for WebSocket connection","timestamp":"2025-08-08 00:08:13"}
{"level":"\u001b[33mwarn\u001b[39m","message":"Unauthorized WebSocket connection attempt","timestamp":"2025-08-08 00:08:13"}
{"level":"\u001b[33mwarn\u001b[39m","message":"No token provided for WebSocket connection","timestamp":"2025-08-08 00:08:18"}
{"level":"\u001b[33mwarn\u001b[39m","message":"Unauthorized WebSocket connection attempt","timestamp":"2025-08-08 00:08:18"}
{"level":"\u001b[33mwarn\u001b[39m","message":"No token provided for WebSocket connection","timestamp":"2025-08-08 00:08:19"}
{"level":"\u001b[33mwarn\u001b[39m","message":"Unauthorized WebSocket connection attempt","timestamp":"2025-08-08 00:08:19"}
{"level":"\u001b[33mwarn\u001b[39m","message":"No token provided for WebSocket connection","timestamp":"2025-08-08 00:09:14"}
{"level":"\u001b[33mwarn\u001b[39m","message":"Unauthorized WebSocket connection attempt","timestamp":"2025-08-08 00:09:14"}
{"level":"\u001b[33mwarn\u001b[39m","message":"No token provided for WebSocket connection","timestamp":"2025-08-08 00:09:14"}
{"level":"\u001b[33mwarn\u001b[39m","message":"Unauthorized WebSocket connection attempt","timestamp":"2025-08-08 00:09:14"}
{"level":"\u001b[33mwarn\u001b[39m","message":"No token provided for WebSocket connection","timestamp":"2025-08-08 00:09:19"}
{"level":"\u001b[33mwarn\u001b[39m","message":"Unauthorized WebSocket connection attempt","timestamp":"2025-08-08 00:09:19"}
{"level":"\u001b[33mwarn\u001b[39m","message":"No token provided for WebSocket connection","timestamp":"2025-08-08 00:09:19"}
{"level":"\u001b[33mwarn\u001b[39m","message":"Unauthorized WebSocket connection attempt","timestamp":"2025-08-08 00:09:19"}
{"level":"\u001b[33mwarn\u001b[39m","message":"No token provided for WebSocket connection","timestamp":"2025-08-08 00:09:19"}
{"level":"\u001b[33mwarn\u001b[39m","message":"Unauthorized WebSocket connection attempt","timestamp":"2025-08-08 00:09:19"}
{"level":"\u001b[33mwarn\u001b[39m","message":"No token provided for WebSocket connection","timestamp":"2025-08-08 00:13:59"}
{"level":"\u001b[33mwarn\u001b[39m","message":"Unauthorized WebSocket connection attempt","timestamp":"2025-08-08 00:13:59"}
{"level":"\u001b[33mwarn\u001b[39m","message":"No token provided for WebSocket connection","timestamp":"2025-08-08 00:14:04"}
{"level":"\u001b[33mwarn\u001b[39m","message":"Unauthorized WebSocket connection attempt","timestamp":"2025-08-08 00:14:04"}
{"level":"\u001b[33mwarn\u001b[39m","message":"No token provided for WebSocket connection","timestamp":"2025-08-08 00:14:04"}
{"level":"\u001b[33mwarn\u001b[39m","message":"Unauthorized WebSocket connection attempt","timestamp":"2025-08-08 00:14:04"}
{"level":"\u001b[33mwarn\u001b[39m","message":"No token provided for WebSocket connection","timestamp":"2025-08-08 00:14:04"}
{"level":"\u001b[33mwarn\u001b[39m","message":"Unauthorized WebSocket connection attempt","timestamp":"2025-08-08 00:14:04"}
{"level":"\u001b[32minfo\u001b[39m","message":"WebSocket server initialized","timestamp":"2025-08-08 00:14:55"}
{"level":"\u001b[32minfo\u001b[39m","message":"Server is running on port 8001","timestamp":"2025-08-08 00:14:55"}
{"level":"\u001b[32minfo\u001b[39m","message":"Connected to SQLite database","timestamp":"2025-08-08 00:14:55"}
{"level":"\u001b[32minfo\u001b[39m","message":"Foreign key constraints enabled","timestamp":"2025-08-08 00:14:55"}
{"level":"\u001b[32minfo\u001b[39m","message":"Admin user already exists","timestamp":"2025-08-08 00:14:55"}
{"level":"\u001b[32minfo\u001b[39m","message":"WebSocket server initialized","timestamp":"2025-08-08 00:27:17"}
{"level":"\u001b[32minfo\u001b[39m","message":"Server is running on port 8001","timestamp":"2025-08-08 00:27:17"}
{"level":"\u001b[32minfo\u001b[39m","message":"Connected to SQLite database","timestamp":"2025-08-08 00:27:17"}
{"level":"\u001b[32minfo\u001b[39m","message":"Foreign key constraints enabled","timestamp":"2025-08-08 00:27:17"}
{"level":"\u001b[32minfo\u001b[39m","message":"Admin user already exists","timestamp":"2025-08-08 00:27:17"}
{"level":"\u001b[32minfo\u001b[39m","message":"WebSocket server initialized","timestamp":"2025-08-08 01:52:38"}
{"level":"\u001b[32minfo\u001b[39m","message":"Server is running on port 8001","timestamp":"2025-08-08 01:52:38"}
{"level":"\u001b[32minfo\u001b[39m","message":"Connected to SQLite database","timestamp":"2025-08-08 01:52:38"}
{"level":"\u001b[32minfo\u001b[39m","message":"Foreign key constraints enabled","timestamp":"2025-08-08 01:52:38"}
{"level":"\u001b[32minfo\u001b[39m","message":"Admin user already exists","timestamp":"2025-08-08 01:52:38"}
{"level":"\u001b[32minfo\u001b[39m","message":"New WebSocket client connected","timestamp":"2025-08-08 01:54:03"}
{"level":"\u001b[32minfo\u001b[39m","message":"WebSocket client disconnected","timestamp":"2025-08-08 01:54:03"}
{"level":"\u001b[32minfo\u001b[39m","message":"New WebSocket client connected","timestamp":"2025-08-08 01:54:03"}
{"level":"\u001b[32minfo\u001b[39m","message":"New WebSocket client connected","timestamp":"2025-08-08 01:54:09"}
{"level":"\u001b[32minfo\u001b[39m","message":"WebSocket server initialized","timestamp":"2025-08-08 01:58:17"}
{"level":"\u001b[32minfo\u001b[39m","message":"Server is running on port 8001","timestamp":"2025-08-08 01:58:17"}
{"level":"\u001b[32minfo\u001b[39m","message":"Connected to SQLite database","timestamp":"2025-08-08 01:58:17"}
{"level":"\u001b[32minfo\u001b[39m","message":"Foreign key constraints enabled","timestamp":"2025-08-08 01:58:17"}
{"level":"\u001b[32minfo\u001b[39m","message":"Admin user already exists","timestamp":"2025-08-08 01:58:17"}
{"level":"\u001b[32minfo\u001b[39m","message":"WebSocket server initialized","timestamp":"2025-08-08 02:01:46"}
{"level":"\u001b[32minfo\u001b[39m","message":"Server is running on port 8001","timestamp":"2025-08-08 02:01:46"}
{"level":"\u001b[32minfo\u001b[39m","message":"Connected to SQLite database","timestamp":"2025-08-08 02:01:46"}
{"level":"\u001b[32minfo\u001b[39m","message":"Foreign key constraints enabled","timestamp":"2025-08-08 02:01:46"}
{"level":"\u001b[32minfo\u001b[39m","message":"Admin user already exists","timestamp":"2025-08-08 02:01:46"}
{"level":"\u001b[32minfo\u001b[39m","message":"WebSocket server initialized","timestamp":"2025-08-08 02:06:29"}
{"level":"\u001b[32minfo\u001b[39m","message":"Server is running on port 8001","timestamp":"2025-08-08 02:06:29"}
{"level":"\u001b[32minfo\u001b[39m","message":"Connected to SQLite database","timestamp":"2025-08-08 02:06:29"}
{"level":"\u001b[32minfo\u001b[39m","message":"Foreign key constraints enabled","timestamp":"2025-08-08 02:06:29"}
{"level":"\u001b[32minfo\u001b[39m","message":"Admin user already exists","timestamp":"2025-08-08 02:06:29"}
{"level":"\u001b[32minfo\u001b[39m","message":"WebSocket server initialized","timestamp":"2025-08-08 12:13:54"}
{"level":"\u001b[32minfo\u001b[39m","message":"Server is running on port 8001","timestamp":"2025-08-08 12:13:54"}
{"level":"\u001b[32minfo\u001b[39m","message":"Connected to SQLite database","timestamp":"2025-08-08 12:13:54"}
{"level":"\u001b[32minfo\u001b[39m","message":"Foreign key constraints enabled","timestamp":"2025-08-08 12:13:54"}
{"level":"\u001b[32minfo\u001b[39m","message":"Admin user already exists","timestamp":"2025-08-08 12:13:54"}
{"level":"\u001b[32minfo\u001b[39m","message":"New WebSocket client connected","timestamp":"2025-08-08 12:14:26"}
{"level":"\u001b[32minfo\u001b[39m","message":"New WebSocket client connected","timestamp":"2025-08-08 12:14:31"}
{"level":"\u001b[32minfo\u001b[39m","message":"New WebSocket client connected","timestamp":"2025-08-08 12:14:31"}
{"level":"\u001b[32minfo\u001b[39m","message":"WebSocket client disconnected","timestamp":"2025-08-08 12:18:54"}
{"level":"\u001b[32minfo\u001b[39m","message":"WebSocket client disconnected","timestamp":"2025-08-08 12:18:54"}
{"level":"\u001b[32minfo\u001b[39m","message":"WebSocket client disconnected","timestamp":"2025-08-08 12:18:54"}
{"level":"\u001b[32minfo\u001b[39m","message":"New WebSocket client connected","timestamp":"2025-08-08 12:19:05"}
{"level":"\u001b[32minfo\u001b[39m","message":"New WebSocket client connected","timestamp":"2025-08-08 12:19:10"}
{"level":"\u001b[32minfo\u001b[39m","message":"New WebSocket client connected","timestamp":"2025-08-08 12:19:10"}
{"level":"\u001b[32minfo\u001b[39m","message":"WebSocket client disconnected","timestamp":"2025-08-08 12:22:51"}
{"level":"\u001b[32minfo\u001b[39m","message":"WebSocket client disconnected","timestamp":"2025-08-08 12:22:51"}
{"level":"\u001b[32minfo\u001b[39m","message":"WebSocket client disconnected","timestamp":"2025-08-08 12:22:51"}
{"level":"\u001b[32minfo\u001b[39m","message":"New WebSocket client connected","timestamp":"2025-08-08 12:23:30"}
{"level":"\u001b[32minfo\u001b[39m","message":"New WebSocket client connected","timestamp":"2025-08-08 12:23:35"}
{"level":"\u001b[32minfo\u001b[39m","message":"New WebSocket client connected","timestamp":"2025-08-08 12:23:35"}
{"level":"\u001b[32minfo\u001b[39m","message":"WebSocket server initialized","timestamp":"2025-08-08 12:37:35"}
{"level":"\u001b[32minfo\u001b[39m","message":"Server is running on port 8001","timestamp":"2025-08-08 12:37:35"}
{"level":"\u001b[32minfo\u001b[39m","message":"Connected to SQLite database","timestamp":"2025-08-08 12:37:35"}
{"level":"\u001b[32minfo\u001b[39m","message":"Foreign key constraints enabled","timestamp":"2025-08-08 12:37:35"}
{"level":"\u001b[32minfo\u001b[39m","message":"Admin user already exists","timestamp":"2025-08-08 12:37:35"}
{"level":"\u001b[32minfo\u001b[39m","message":"WebSocket server initialized","timestamp":"2025-08-08 12:40:07"}
{"level":"\u001b[32minfo\u001b[39m","message":"Server is running on port 8001","timestamp":"2025-08-08 12:40:07"}
{"level":"\u001b[32minfo\u001b[39m","message":"Connected to SQLite database","timestamp":"2025-08-08 12:40:07"}
{"level":"\u001b[32minfo\u001b[39m","message":"Foreign key constraints enabled","timestamp":"2025-08-08 12:40:07"}
{"level":"\u001b[32minfo\u001b[39m","message":"Admin user already exists","timestamp":"2025-08-08 12:40:07"}
{"level":"\u001b[32minfo\u001b[39m","message":"New WebSocket client connected","timestamp":"2025-08-08 12:42:07"}
{"level":"\u001b[32minfo\u001b[39m","message":"WebSocket client disconnected","timestamp":"2025-08-08 13:19:32"}
{"level":"\u001b[32minfo\u001b[39m","message":"WebSocket server initialized","timestamp":"2025-08-08 13:43:12"}
{"level":"\u001b[32minfo\u001b[39m","message":"Server is running on port 8001","timestamp":"2025-08-08 13:43:12"}
{"level":"\u001b[32minfo\u001b[39m","message":"Connected to SQLite database","timestamp":"2025-08-08 13:43:12"}
{"level":"\u001b[32minfo\u001b[39m","message":"Foreign key constraints enabled","timestamp":"2025-08-08 13:43:12"}
{"level":"\u001b[32minfo\u001b[39m","message":"Admin user already exists","timestamp":"2025-08-08 13:43:12"}
{"level":"\u001b[32minfo\u001b[39m","message":"New WebSocket client connected","timestamp":"2025-08-08 13:54:56"}
{"level":"\u001b[32minfo\u001b[39m","message":"WebSocket client disconnected","timestamp":"2025-08-08 13:54:56"}
{"level":"\u001b[32minfo\u001b[39m","message":"New WebSocket client connected","timestamp":"2025-08-08 13:54:56"}
{"level":"\u001b[32minfo\u001b[39m","message":"New WebSocket client connected","timestamp":"2025-08-08 13:55:01"}
{"level":"\u001b[32minfo\u001b[39m","message":"WebSocket server initialized","timestamp":"2025-08-08 15:08:40"}
{"level":"\u001b[32minfo\u001b[39m","message":"Server is running on port 8001","timestamp":"2025-08-08 15:08:40"}
{"level":"\u001b[32minfo\u001b[39m","message":"Connected to SQLite database","timestamp":"2025-08-08 15:08:40"}
{"level":"\u001b[32minfo\u001b[39m","message":"Foreign key constraints enabled","timestamp":"2025-08-08 15:08:40"}
{"level":"\u001b[32minfo\u001b[39m","message":"Admin user already exists","timestamp":"2025-08-08 15:08:40"}
{"level":"\u001b[32minfo\u001b[39m","message":"New WebSocket client connected","timestamp":"2025-08-08 15:15:44"}
{"level":"\u001b[32minfo\u001b[39m","message":"New WebSocket client connected","timestamp":"2025-08-08 15:15:49"}
{"level":"\u001b[32minfo\u001b[39m","message":"WebSocket client disconnected","timestamp":"2025-08-08 15:16:16"}
{"level":"\u001b[32minfo\u001b[39m","message":"WebSocket client disconnected","timestamp":"2025-08-08 15:16:16"}
{"level":"\u001b[32minfo\u001b[39m","message":"New WebSocket client connected","timestamp":"2025-08-08 15:16:16"}
{"level":"\u001b[32minfo\u001b[39m","message":"New WebSocket client connected","timestamp":"2025-08-08 15:16:21"}
{"level":"\u001b[32minfo\u001b[39m","message":"New WebSocket client connected","timestamp":"2025-08-08 15:16:21"}
{"level":"\u001b[32minfo\u001b[39m","message":"WebSocket server initialized","timestamp":"2025-08-10 17:05:03"}
{"level":"\u001b[32minfo\u001b[39m","message":"Server is running on port 8001","timestamp":"2025-08-10 17:05:03"}
{"level":"\u001b[32minfo\u001b[39m","message":"Connected to SQLite database","timestamp":"2025-08-10 17:05:03"}
{"level":"\u001b[32minfo\u001b[39m","message":"Foreign key constraints enabled","timestamp":"2025-08-10 17:05:03"}
{"level":"\u001b[32minfo\u001b[39m","message":"Admin user already exists","timestamp":"2025-08-10 17:05:03"}
{"level":"\u001b[33mwarn\u001b[39m","message":"JWT verification failed:","timestamp":"2025-08-10 17:05:40"}
{"level":"\u001b[33mwarn\u001b[39m","message":"JWT verification failed:","timestamp":"2025-08-10 17:05:40"}
{"level":"\u001b[32minfo\u001b[39m","message":"WebSocket server initialized","timestamp":"2025-08-10 19:23:36"}
{"level":"\u001b[32minfo\u001b[39m","message":"Server is running on port 8001","timestamp":"2025-08-10 19:23:36"}
{"level":"\u001b[32minfo\u001b[39m","message":"Connected to SQLite database","timestamp":"2025-08-10 19:23:36"}
{"level":"\u001b[32minfo\u001b[39m","message":"Foreign key constraints enabled","timestamp":"2025-08-10 19:23:36"}
{"level":"\u001b[32minfo\u001b[39m","message":"Admin user already exists","timestamp":"2025-08-10 19:23:36"}
{"level":"\u001b[32minfo\u001b[39m","message":"WebSocket server initialized","timestamp":"2025-08-10 19:27:03"}
{"level":"\u001b[32minfo\u001b[39m","message":"Server is running on port 8001","timestamp":"2025-08-10 19:27:03"}
{"level":"\u001b[32minfo\u001b[39m","message":"Connected to SQLite database","timestamp":"2025-08-10 19:27:03"}
{"level":"\u001b[32minfo\u001b[39m","message":"Foreign key constraints enabled","timestamp":"2025-08-10 19:27:03"}
{"level":"\u001b[32minfo\u001b[39m","message":"Admin user already exists","timestamp":"2025-08-10 19:27:03"}
{"level":"\u001b[32minfo\u001b[39m","message":"WebSocket server initialized","timestamp":"2025-08-10 19:33:29"}
{"level":"\u001b[32minfo\u001b[39m","message":"Server is running on port 8001","timestamp":"2025-08-10 19:33:29"}
{"level":"\u001b[32minfo\u001b[39m","message":"Connected to SQLite database","timestamp":"2025-08-10 19:33:29"}
{"level":"\u001b[32minfo\u001b[39m","message":"Foreign key constraints enabled","timestamp":"2025-08-10 19:33:29"}
{"level":"\u001b[32minfo\u001b[39m","message":"Admin user already exists","timestamp":"2025-08-10 19:33:29"}
{"level":"\u001b[32minfo\u001b[39m","message":"WebSocket server initialized","timestamp":"2025-08-10 22:52:00"}
{"level":"\u001b[32minfo\u001b[39m","message":"Server is running on port 8001","timestamp":"2025-08-10 22:52:00"}
{"level":"\u001b[32minfo\u001b[39m","message":"Connected to SQLite database","timestamp":"2025-08-10 22:52:00"}
{"level":"\u001b[32minfo\u001b[39m","message":"Foreign key constraints enabled","timestamp":"2025-08-10 22:52:00"}
{"level":"\u001b[32minfo\u001b[39m","message":"Admin user already exists","timestamp":"2025-08-10 22:52:00"}
{"level":"\u001b[32minfo\u001b[39m","message":"New WebSocket client connected","timestamp":"2025-08-10 22:52:30"}
{"level":"\u001b[32minfo\u001b[39m","message":"New WebSocket client connected","timestamp":"2025-08-10 22:52:35"}
{"level":"\u001b[32minfo\u001b[39m","message":"New WebSocket client connected","timestamp":"2025-08-10 22:52:35"}
{"level":"\u001b[32minfo\u001b[39m","message":"WebSocket client disconnected","timestamp":"2025-08-10 22:53:32"}
{"level":"\u001b[32minfo\u001b[39m","message":"WebSocket client disconnected","timestamp":"2025-08-10 22:53:32"}
{"level":"\u001b[32minfo\u001b[39m","message":"WebSocket client disconnected","timestamp":"2025-08-10 22:53:32"}
{"level":"\u001b[32minfo\u001b[39m","message":"New WebSocket client connected","timestamp":"2025-08-10 22:53:32"}
{"level":"\u001b[32minfo\u001b[39m","message":"WebSocket client disconnected","timestamp":"2025-08-10 22:53:32"}
{"level":"\u001b[32minfo\u001b[39m","message":"New WebSocket client connected","timestamp":"2025-08-10 22:53:32"}
{"level":"\u001b[32minfo\u001b[39m","message":"New WebSocket client connected","timestamp":"2025-08-10 22:53:37"}
{"date":"Mon Aug 11 2025 10:53:31 GMT-0300 (Horário Padrão de Brasília)","error":{"code":"ERR_INVALID_ARG_TYPE"},"level":"\u001b[31merror\u001b[39m","message":"unhandledRejection: The \"delay\" argument must be of type number. Received function \nTypeError [ERR_INVALID_ARG_TYPE]: The \"delay\" argument must be of type number. Received function \n    at setTimeout (node:timers/promises:56:7)\n    at page.evaluate.rouletteId.rouletteId (C:\\Users\\Ivan Xavier\\CascadeProjects\\roulette_monitor\\backend_js\\scripts\\blaze_puppeteer_collector_v5_complete.js:288:34)\n    at new Promise (<anonymous>)\n    at monitorRoulette (C:\\Users\\Ivan Xavier\\CascadeProjects\\roulette_monitor\\backend_js\\scripts\\blaze_puppeteer_collector_v5_complete.js:288:11)\n    at async initializeCollector (C:\\Users\\Ivan Xavier\\CascadeProjects\\roulette_monitor\\backend_js\\scripts\\blaze_puppeteer_collector_v5_complete.js:414:7)\n    at async start (C:\\Users\\Ivan Xavier\\CascadeProjects\\roulette_monitor\\backend_js\\scripts\\blaze_puppeteer_collector_v5_complete.js:476:5)","os":{"loadavg":[0,0,0],"uptime":211612.781},"process":{"argv":["C:\\Program Files\\nodejs\\node.exe","C:\\Users\\Ivan Xavier\\CascadeProjects\\roulette_monitor\\backend_js\\scripts\\blaze_puppeteer_collector_v5_complete.js"],"cwd":"C:\\Users\\Ivan Xavier\\CascadeProjects\\roulette_monitor\\backend_js","execPath":"C:\\Program Files\\nodejs\\node.exe","gid":null,"memoryUsage":{"arrayBuffers":354355,"external":2735739,"heapTotal":33738752,"heapUsed":20403776,"rss":64315392},"pid":29340,"uid":null,"version":"v22.16.0"},"rejection":true,"stack":"TypeError [ERR_INVALID_ARG_TYPE]: The \"delay\" argument must be of type number. Received function \n    at setTimeout (node:timers/promises:56:7)\n    at page.evaluate.rouletteId.rouletteId (C:\\Users\\Ivan Xavier\\CascadeProjects\\roulette_monitor\\backend_js\\scripts\\blaze_puppeteer_collector_v5_complete.js:288:34)\n    at new Promise (<anonymous>)\n    at monitorRoulette (C:\\Users\\Ivan Xavier\\CascadeProjects\\roulette_monitor\\backend_js\\scripts\\blaze_puppeteer_collector_v5_complete.js:288:11)\n    at async initializeCollector (C:\\Users\\Ivan Xavier\\CascadeProjects\\roulette_monitor\\backend_js\\scripts\\blaze_puppeteer_collector_v5_complete.js:414:7)\n    at async start (C:\\Users\\Ivan Xavier\\CascadeProjects\\roulette_monitor\\backend_js\\scripts\\blaze_puppeteer_collector_v5_complete.js:476:5)","timestamp":"2025-08-11 10:53:31","trace":[{"column":7,"file":"node:timers/promises","function":"setTimeout","line":56,"method":null,"native":false},{"column":34,"file":"C:\\Users\\Ivan Xavier\\CascadeProjects\\roulette_monitor\\backend_js\\scripts\\blaze_puppeteer_collector_v5_complete.js","function":"page.evaluate.rouletteId.rouletteId","line":288,"method":"rouletteId","native":false},{"column":null,"file":null,"function":"new Promise","line":null,"method":null,"native":false},{"column":11,"file":"C:\\Users\\Ivan Xavier\\CascadeProjects\\roulette_monitor\\backend_js\\scripts\\blaze_puppeteer_collector_v5_complete.js","function":"monitorRoulette","line":288,"method":null,"native":false},{"column":7,"file":"C:\\Users\\Ivan Xavier\\CascadeProjects\\roulette_monitor\\backend_js\\scripts\\blaze_puppeteer_collector_v5_complete.js","function":"async initializeCollector","line":414,"method":null,"native":false},{"column":5,"file":"C:\\Users\\Ivan Xavier\\CascadeProjects\\roulette_monitor\\backend_js\\scripts\\blaze_puppeteer_collector_v5_complete.js","function":"async start","line":476,"method":null,"native":false}]}
{"date":"Mon Aug 11 2025 11:12:12 GMT-0300 (Horário Padrão de Brasília)","error":{"code":"ERR_INVALID_ARG_TYPE"},"level":"\u001b[31merror\u001b[39m","message":"unhandledRejection: The \"delay\" argument must be of type number. Received function \nTypeError [ERR_INVALID_ARG_TYPE]: The \"delay\" argument must be of type number. Received function \n    at setTimeout (node:timers/promises:56:7)\n    at page.evaluate.rouletteId.rouletteId (C:\\Users\\Ivan Xavier\\CascadeProjects\\roulette_monitor\\backend_js\\scripts\\blaze_puppeteer_collector_v5_complete.js:288:34)\n    at new Promise (<anonymous>)\n    at monitorRoulette (C:\\Users\\Ivan Xavier\\CascadeProjects\\roulette_monitor\\backend_js\\scripts\\blaze_puppeteer_collector_v5_complete.js:288:11)\n    at async initializeCollector (C:\\Users\\Ivan Xavier\\CascadeProjects\\roulette_monitor\\backend_js\\scripts\\blaze_puppeteer_collector_v5_complete.js:414:7)\n    at async start (C:\\Users\\Ivan Xavier\\CascadeProjects\\roulette_monitor\\backend_js\\scripts\\blaze_puppeteer_collector_v5_complete.js:476:5)","os":{"loadavg":[0,0,0],"uptime":212733.921},"process":{"argv":["C:\\Program Files\\nodejs\\node.exe","C:\\Users\\Ivan Xavier\\CascadeProjects\\roulette_monitor\\backend_js\\scripts\\blaze_puppeteer_collector_v5_complete.js"],"cwd":"C:\\Users\\Ivan Xavier\\CascadeProjects\\roulette_monitor\\backend_js","execPath":"C:\\Program Files\\nodejs\\node.exe","gid":null,"memoryUsage":{"arrayBuffers":354358,"external":2735742,"heapTotal":32952320,"heapUsed":18690048,"rss":63045632},"pid":19352,"uid":null,"version":"v22.16.0"},"rejection":true,"stack":"TypeError [ERR_INVALID_ARG_TYPE]: The \"delay\" argument must be of type number. Received function \n    at setTimeout (node:timers/promises:56:7)\n    at page.evaluate.rouletteId.rouletteId (C:\\Users\\Ivan Xavier\\CascadeProjects\\roulette_monitor\\backend_js\\scripts\\blaze_puppeteer_collector_v5_complete.js:288:34)\n    at new Promise (<anonymous>)\n    at monitorRoulette (C:\\Users\\Ivan Xavier\\CascadeProjects\\roulette_monitor\\backend_js\\scripts\\blaze_puppeteer_collector_v5_complete.js:288:11)\n    at async initializeCollector (C:\\Users\\Ivan Xavier\\CascadeProjects\\roulette_monitor\\backend_js\\scripts\\blaze_puppeteer_collector_v5_complete.js:414:7)\n    at async start (C:\\Users\\Ivan Xavier\\CascadeProjects\\roulette_monitor\\backend_js\\scripts\\blaze_puppeteer_collector_v5_complete.js:476:5)","timestamp":"2025-08-11 11:12:12","trace":[{"column":7,"file":"node:timers/promises","function":"setTimeout","line":56,"method":null,"native":false},{"column":34,"file":"C:\\Users\\Ivan Xavier\\CascadeProjects\\roulette_monitor\\backend_js\\scripts\\blaze_puppeteer_collector_v5_complete.js","function":"page.evaluate.rouletteId.rouletteId","line":288,"method":"rouletteId","native":false},{"column":null,"file":null,"function":"new Promise","line":null,"method":null,"native":false},{"column":11,"file":"C:\\Users\\Ivan Xavier\\CascadeProjects\\roulette_monitor\\backend_js\\scripts\\blaze_puppeteer_collector_v5_complete.js","function":"monitorRoulette","line":288,"method":null,"native":false},{"column":7,"file":"C:\\Users\\Ivan Xavier\\CascadeProjects\\roulette_monitor\\backend_js\\scripts\\blaze_puppeteer_collector_v5_complete.js","function":"async initializeCollector","line":414,"method":null,"native":false},{"column":5,"file":"C:\\Users\\Ivan Xavier\\CascadeProjects\\roulette_monitor\\backend_js\\scripts\\blaze_puppeteer_collector_v5_complete.js","function":"async start","line":476,"method":null,"native":false}]}
{"date":"Mon Aug 11 2025 13:45:13 GMT-0300 (Horário Padrão de Brasília)","error":{"code":"ERR_INVALID_ARG_TYPE"},"level":"\u001b[31merror\u001b[39m","message":"unhandledRejection: The \"delay\" argument must be of type number. Received function \nTypeError [ERR_INVALID_ARG_TYPE]: The \"delay\" argument must be of type number. Received function \n    at setTimeout (node:timers/promises:56:7)\n    at C:\\Users\\Ivan Xavier\\CascadeProjects\\roulette_monitor\\backend_js\\scripts\\blaze_puppeteer_collector_v5_complete.js:289:34\n    at new Promise (<anonymous>)\n    at monitorRoulette (C:\\Users\\Ivan Xavier\\CascadeProjects\\roulette_monitor\\backend_js\\scripts\\blaze_puppeteer_collector_v5_complete.js:289:11)\n    at async initializeCollector (C:\\Users\\Ivan Xavier\\CascadeProjects\\roulette_monitor\\backend_js\\scripts\\blaze_puppeteer_collector_v5_complete.js:416:7)\n    at async start (C:\\Users\\Ivan Xavier\\CascadeProjects\\roulette_monitor\\backend_js\\scripts\\blaze_puppeteer_collector_v5_complete.js:478:5)","os":{"loadavg":[0,0,0],"uptime":221915.25},"process":{"argv":["C:\\Program Files\\nodejs\\node.exe","C:\\Users\\Ivan Xavier\\CascadeProjects\\roulette_monitor\\backend_js\\scripts\\blaze_puppeteer_collector_v5_complete.js"],"cwd":"C:\\Users\\Ivan Xavier\\CascadeProjects\\roulette_monitor\\backend_js","execPath":"C:\\Program Files\\nodejs\\node.exe","gid":null,"memoryUsage":{"arrayBuffers":132482,"external":2513866,"heapTotal":32428032,"heapUsed":16394032,"rss":64167936},"pid":31076,"uid":null,"version":"v22.16.0"},"rejection":true,"stack":"TypeError [ERR_INVALID_ARG_TYPE]: The \"delay\" argument must be of type number. Received function \n    at setTimeout (node:timers/promises:56:7)\n    at C:\\Users\\Ivan Xavier\\CascadeProjects\\roulette_monitor\\backend_js\\scripts\\blaze_puppeteer_collector_v5_complete.js:289:34\n    at new Promise (<anonymous>)\n    at monitorRoulette (C:\\Users\\Ivan Xavier\\CascadeProjects\\roulette_monitor\\backend_js\\scripts\\blaze_puppeteer_collector_v5_complete.js:289:11)\n    at async initializeCollector (C:\\Users\\Ivan Xavier\\CascadeProjects\\roulette_monitor\\backend_js\\scripts\\blaze_puppeteer_collector_v5_complete.js:416:7)\n    at async start (C:\\Users\\Ivan Xavier\\CascadeProjects\\roulette_monitor\\backend_js\\scripts\\blaze_puppeteer_collector_v5_complete.js:478:5)","timestamp":"2025-08-11 13:45:13","trace":[{"column":7,"file":"node:timers/promises","function":"setTimeout","line":56,"method":null,"native":false},{"column":34,"file":"C:\\Users\\Ivan Xavier\\CascadeProjects\\roulette_monitor\\backend_js\\scripts\\blaze_puppeteer_collector_v5_complete.js","function":null,"line":289,"method":null,"native":false},{"column":null,"file":null,"function":"new Promise","line":null,"method":null,"native":false},{"column":11,"file":"C:\\Users\\Ivan Xavier\\CascadeProjects\\roulette_monitor\\backend_js\\scripts\\blaze_puppeteer_collector_v5_complete.js","function":"monitorRoulette","line":289,"method":null,"native":false},{"column":7,"file":"C:\\Users\\Ivan Xavier\\CascadeProjects\\roulette_monitor\\backend_js\\scripts\\blaze_puppeteer_collector_v5_complete.js","function":"async initializeCollector","line":416,"method":null,"native":false},{"column":5,"file":"C:\\Users\\Ivan Xavier\\CascadeProjects\\roulette_monitor\\backend_js\\scripts\\blaze_puppeteer_collector_v5_complete.js","function":"async start","line":478,"method":null,"native":false}]}
{"date":"Mon Aug 11 2025 14:10:27 GMT-0300 (Horário Padrão de Brasília)","error":{"code":"ERR_INVALID_ARG_TYPE"},"level":"\u001b[31merror\u001b[39m","message":"unhandledRejection: The \"delay\" argument must be of type number. Received function \nTypeError [ERR_INVALID_ARG_TYPE]: The \"delay\" argument must be of type number. Received function \n    at setTimeout (node:timers/promises:56:7)\n    at C:\\Users\\Ivan Xavier\\CascadeProjects\\roulette_monitor\\backend_js\\scripts\\blaze_puppeteer_collector_v5_complete.js:289:34\n    at new Promise (<anonymous>)\n    at monitorRoulette (C:\\Users\\Ivan Xavier\\CascadeProjects\\roulette_monitor\\backend_js\\scripts\\blaze_puppeteer_collector_v5_complete.js:289:11)\n    at async initializeCollector (C:\\Users\\Ivan Xavier\\CascadeProjects\\roulette_monitor\\backend_js\\scripts\\blaze_puppeteer_collector_v5_complete.js:416:7)\n    at async start (C:\\Users\\Ivan Xavier\\CascadeProjects\\roulette_monitor\\backend_js\\scripts\\blaze_puppeteer_collector_v5_complete.js:478:5)","os":{"loadavg":[0,0,0],"uptime":223429.203},"process":{"argv":["C:\\Program Files\\nodejs\\node.exe","C:\\Users\\Ivan Xavier\\CascadeProjects\\roulette_monitor\\backend_js\\scripts\\blaze_puppeteer_collector_v5_complete.js"],"cwd":"C:\\Users\\Ivan Xavier\\CascadeProjects\\roulette_monitor\\backend_js","execPath":"C:\\Program Files\\nodejs\\node.exe","gid":null,"memoryUsage":{"arrayBuffers":136504,"external":2517888,"heapTotal":32428032,"heapUsed":16443536,"rss":64659456},"pid":32176,"uid":null,"version":"v22.16.0"},"rejection":true,"stack":"TypeError [ERR_INVALID_ARG_TYPE]: The \"delay\" argument must be of type number. Received function \n    at setTimeout (node:timers/promises:56:7)\n    at C:\\Users\\Ivan Xavier\\CascadeProjects\\roulette_monitor\\backend_js\\scripts\\blaze_puppeteer_collector_v5_complete.js:289:34\n    at new Promise (<anonymous>)\n    at monitorRoulette (C:\\Users\\Ivan Xavier\\CascadeProjects\\roulette_monitor\\backend_js\\scripts\\blaze_puppeteer_collector_v5_complete.js:289:11)\n    at async initializeCollector (C:\\Users\\Ivan Xavier\\CascadeProjects\\roulette_monitor\\backend_js\\scripts\\blaze_puppeteer_collector_v5_complete.js:416:7)\n    at async start (C:\\Users\\Ivan Xavier\\CascadeProjects\\roulette_monitor\\backend_js\\scripts\\blaze_puppeteer_collector_v5_complete.js:478:5)","timestamp":"2025-08-11 14:10:27","trace":[{"column":7,"file":"node:timers/promises","function":"setTimeout","line":56,"method":null,"native":false},{"column":34,"file":"C:\\Users\\Ivan Xavier\\CascadeProjects\\roulette_monitor\\backend_js\\scripts\\blaze_puppeteer_collector_v5_complete.js","function":null,"line":289,"method":null,"native":false},{"column":null,"file":null,"function":"new Promise","line":null,"method":null,"native":false},{"column":11,"file":"C:\\Users\\Ivan Xavier\\CascadeProjects\\roulette_monitor\\backend_js\\scripts\\blaze_puppeteer_collector_v5_complete.js","function":"monitorRoulette","line":289,"method":null,"native":false},{"column":7,"file":"C:\\Users\\Ivan Xavier\\CascadeProjects\\roulette_monitor\\backend_js\\scripts\\blaze_puppeteer_collector_v5_complete.js","function":"async initializeCollector","line":416,"method":null,"native":false},{"column":5,"file":"C:\\Users\\Ivan Xavier\\CascadeProjects\\roulette_monitor\\backend_js\\scripts\\blaze_puppeteer_collector_v5_complete.js","function":"async start","line":478,"method":null,"native":false}]}
{"date":"Mon Aug 11 2025 15:57:16 GMT-0300 (Horário Padrão de Brasília)","error":{"code":"ERR_INVALID_ARG_TYPE"},"level":"\u001b[31merror\u001b[39m","message":"unhandledRejection: The \"delay\" argument must be of type number. Received function \nTypeError [ERR_INVALID_ARG_TYPE]: The \"delay\" argument must be of type number. Received function \n    at setTimeout (node:timers/promises:56:7)\n    at C:\\Users\\Ivan Xavier\\CascadeProjects\\roulette_monitor\\backend_js\\scripts\\blaze_puppeteer_collector_v5_complete.js:289:34\n    at new Promise (<anonymous>)\n    at monitorRoulette (C:\\Users\\Ivan Xavier\\CascadeProjects\\roulette_monitor\\backend_js\\scripts\\blaze_puppeteer_collector_v5_complete.js:289:11)\n    at async initializeCollector (C:\\Users\\Ivan Xavier\\CascadeProjects\\roulette_monitor\\backend_js\\scripts\\blaze_puppeteer_collector_v5_complete.js:416:7)\n    at async start (C:\\Users\\Ivan Xavier\\CascadeProjects\\roulette_monitor\\backend_js\\scripts\\blaze_puppeteer_collector_v5_complete.js:478:5)","os":{"loadavg":[0,0,0],"uptime":229837.718},"process":{"argv":["C:\\Program Files\\nodejs\\node.exe","C:\\Users\\Ivan Xavier\\CascadeProjects\\roulette_monitor\\backend_js\\scripts\\blaze_puppeteer_collector_v5_complete.js"],"cwd":"C:\\Users\\Ivan Xavier\\CascadeProjects\\roulette_monitor\\backend_js","execPath":"C:\\Program Files\\nodejs\\node.exe","gid":null,"memoryUsage":{"arrayBuffers":136283,"external":2517667,"heapTotal":32428032,"heapUsed":16436928,"rss":61431808},"pid":32364,"uid":null,"version":"v22.16.0"},"rejection":true,"stack":"TypeError [ERR_INVALID_ARG_TYPE]: The \"delay\" argument must be of type number. Received function \n    at setTimeout (node:timers/promises:56:7)\n    at C:\\Users\\Ivan Xavier\\CascadeProjects\\roulette_monitor\\backend_js\\scripts\\blaze_puppeteer_collector_v5_complete.js:289:34\n    at new Promise (<anonymous>)\n    at monitorRoulette (C:\\Users\\Ivan Xavier\\CascadeProjects\\roulette_monitor\\backend_js\\scripts\\blaze_puppeteer_collector_v5_complete.js:289:11)\n    at async initializeCollector (C:\\Users\\Ivan Xavier\\CascadeProjects\\roulette_monitor\\backend_js\\scripts\\blaze_puppeteer_collector_v5_complete.js:416:7)\n    at async start (C:\\Users\\Ivan Xavier\\CascadeProjects\\roulette_monitor\\backend_js\\scripts\\blaze_puppeteer_collector_v5_complete.js:478:5)","timestamp":"2025-08-11 15:57:16","trace":[{"column":7,"file":"node:timers/promises","function":"setTimeout","line":56,"method":null,"native":false},{"column":34,"file":"C:\\Users\\Ivan Xavier\\CascadeProjects\\roulette_monitor\\backend_js\\scripts\\blaze_puppeteer_collector_v5_complete.js","function":null,"line":289,"method":null,"native":false},{"column":null,"file":null,"function":"new Promise","line":null,"method":null,"native":false},{"column":11,"file":"C:\\Users\\Ivan Xavier\\CascadeProjects\\roulette_monitor\\backend_js\\scripts\\blaze_puppeteer_collector_v5_complete.js","function":"monitorRoulette","line":289,"method":null,"native":false},{"column":7,"file":"C:\\Users\\Ivan Xavier\\CascadeProjects\\roulette_monitor\\backend_js\\scripts\\blaze_puppeteer_collector_v5_complete.js","function":"async initializeCollector","line":416,"method":null,"native":false},{"column":5,"file":"C:\\Users\\Ivan Xavier\\CascadeProjects\\roulette_monitor\\backend_js\\scripts\\blaze_puppeteer_collector_v5_complete.js","function":"async start","line":478,"method":null,"native":false}]}
{"date":"Mon Aug 11 2025 16:06:02 GMT-0300 (Horário Padrão de Brasília)","error":{"code":"ERR_INVALID_ARG_TYPE"},"level":"\u001b[31merror\u001b[39m","message":"unhandledRejection: The \"delay\" argument must be of type number. Received function \nTypeError [ERR_INVALID_ARG_TYPE]: The \"delay\" argument must be of type number. Received function \n    at setTimeout (node:timers/promises:56:7)\n    at C:\\Users\\Ivan Xavier\\CascadeProjects\\roulette_monitor\\backend_js\\scripts\\blaze_puppeteer_collector_v5_complete.js:289:34\n    at new Promise (<anonymous>)\n    at monitorRoulette (C:\\Users\\Ivan Xavier\\CascadeProjects\\roulette_monitor\\backend_js\\scripts\\blaze_puppeteer_collector_v5_complete.js:289:11)\n    at async initializeCollector (C:\\Users\\Ivan Xavier\\CascadeProjects\\roulette_monitor\\backend_js\\scripts\\blaze_puppeteer_collector_v5_complete.js:416:7)\n    at async start (C:\\Users\\Ivan Xavier\\CascadeProjects\\roulette_monitor\\backend_js\\scripts\\blaze_puppeteer_collector_v5_complete.js:493:5)","os":{"loadavg":[0,0,0],"uptime":230364.031},"process":{"argv":["C:\\Program Files\\nodejs\\node.exe","C:\\Users\\Ivan Xavier\\CascadeProjects\\roulette_monitor\\backend_js\\scripts\\blaze_puppeteer_collector_v5_complete.js"],"cwd":"C:\\Users\\Ivan Xavier\\CascadeProjects\\roulette_monitor\\backend_js","execPath":"C:\\Program Files\\nodejs\\node.exe","gid":null,"memoryUsage":{"arrayBuffers":131736,"external":2513120,"heapTotal":32428032,"heapUsed":16437600,"rss":61833216},"pid":9640,"uid":null,"version":"v22.16.0"},"rejection":true,"stack":"TypeError [ERR_INVALID_ARG_TYPE]: The \"delay\" argument must be of type number. Received function \n    at setTimeout (node:timers/promises:56:7)\n    at C:\\Users\\Ivan Xavier\\CascadeProjects\\roulette_monitor\\backend_js\\scripts\\blaze_puppeteer_collector_v5_complete.js:289:34\n    at new Promise (<anonymous>)\n    at monitorRoulette (C:\\Users\\Ivan Xavier\\CascadeProjects\\roulette_monitor\\backend_js\\scripts\\blaze_puppeteer_collector_v5_complete.js:289:11)\n    at async initializeCollector (C:\\Users\\Ivan Xavier\\CascadeProjects\\roulette_monitor\\backend_js\\scripts\\blaze_puppeteer_collector_v5_complete.js:416:7)\n    at async start (C:\\Users\\Ivan Xavier\\CascadeProjects\\roulette_monitor\\backend_js\\scripts\\blaze_puppeteer_collector_v5_complete.js:493:5)","timestamp":"2025-08-11 16:06:02","trace":[{"column":7,"file":"node:timers/promises","function":"setTimeout","line":56,"method":null,"native":false},{"column":34,"file":"C:\\Users\\Ivan Xavier\\CascadeProjects\\roulette_monitor\\backend_js\\scripts\\blaze_puppeteer_collector_v5_complete.js","function":null,"line":289,"method":null,"native":false},{"column":null,"file":null,"function":"new Promise","line":null,"method":null,"native":false},{"column":11,"file":"C:\\Users\\Ivan Xavier\\CascadeProjects\\roulette_monitor\\backend_js\\scripts\\blaze_puppeteer_collector_v5_complete.js","function":"monitorRoulette","line":289,"method":null,"native":false},{"column":7,"file":"C:\\Users\\Ivan Xavier\\CascadeProjects\\roulette_monitor\\backend_js\\scripts\\blaze_puppeteer_collector_v5_complete.js","function":"async initializeCollector","line":416,"method":null,"native":false},{"column":5,"file":"C:\\Users\\Ivan Xavier\\CascadeProjects\\roulette_monitor\\backend_js\\scripts\\blaze_puppeteer_collector_v5_complete.js","function":"async start","line":493,"method":null,"native":false}]}
{"date":"Mon Aug 11 2025 16:56:58 GMT-0300 (Horário Padrão de Brasília)","error":{"code":"ERR_INVALID_ARG_TYPE"},"level":"\u001b[31merror\u001b[39m","message":"unhandledRejection: The \"delay\" argument must be of type number. Received function \nTypeError [ERR_INVALID_ARG_TYPE]: The \"delay\" argument must be of type number. Received function \n    at setTimeout (node:timers/promises:56:7)\n    at C:\\Users\\Ivan Xavier\\CascadeProjects\\roulette_monitor\\backend_js\\scripts\\blaze_puppeteer_collector_v5_complete.js:289:34\n    at new Promise (<anonymous>)\n    at monitorRoulette (C:\\Users\\Ivan Xavier\\CascadeProjects\\roulette_monitor\\backend_js\\scripts\\blaze_puppeteer_collector_v5_complete.js:289:11)\n    at async initializeCollector (C:\\Users\\Ivan Xavier\\CascadeProjects\\roulette_monitor\\backend_js\\scripts\\blaze_puppeteer_collector_v5_complete.js:416:7)\n    at async start (C:\\Users\\Ivan Xavier\\CascadeProjects\\roulette_monitor\\backend_js\\scripts\\blaze_puppeteer_collector_v5_complete.js:493:5)","os":{"loadavg":[0,0,0],"uptime":233419.765},"process":{"argv":["C:\\Program Files\\nodejs\\node.exe","C:\\Users\\Ivan Xavier\\CascadeProjects\\roulette_monitor\\backend_js\\scripts\\blaze_puppeteer_collector_v5_complete.js"],"cwd":"C:\\Users\\Ivan Xavier\\CascadeProjects\\roulette_monitor\\backend_js","execPath":"C:\\Program Files\\nodejs\\node.exe","gid":null,"memoryUsage":{"arrayBuffers":354362,"external":2735746,"heapTotal":33214464,"heapUsed":18658848,"rss":60395520},"pid":29516,"uid":null,"version":"v22.16.0"},"rejection":true,"stack":"TypeError [ERR_INVALID_ARG_TYPE]: The \"delay\" argument must be of type number. Received function \n    at setTimeout (node:timers/promises:56:7)\n    at C:\\Users\\Ivan Xavier\\CascadeProjects\\roulette_monitor\\backend_js\\scripts\\blaze_puppeteer_collector_v5_complete.js:289:34\n    at new Promise (<anonymous>)\n    at monitorRoulette (C:\\Users\\Ivan Xavier\\CascadeProjects\\roulette_monitor\\backend_js\\scripts\\blaze_puppeteer_collector_v5_complete.js:289:11)\n    at async initializeCollector (C:\\Users\\Ivan Xavier\\CascadeProjects\\roulette_monitor\\backend_js\\scripts\\blaze_puppeteer_collector_v5_complete.js:416:7)\n    at async start (C:\\Users\\Ivan Xavier\\CascadeProjects\\roulette_monitor\\backend_js\\scripts\\blaze_puppeteer_collector_v5_complete.js:493:5)","timestamp":"2025-08-11 16:56:58","trace":[{"column":7,"file":"node:timers/promises","function":"setTimeout","line":56,"method":null,"native":false},{"column":34,"file":"C:\\Users\\Ivan Xavier\\CascadeProjects\\roulette_monitor\\backend_js\\scripts\\blaze_puppeteer_collector_v5_complete.js","function":null,"line":289,"method":null,"native":false},{"column":null,"file":null,"function":"new Promise","line":null,"method":null,"native":false},{"column":11,"file":"C:\\Users\\Ivan Xavier\\CascadeProjects\\roulette_monitor\\backend_js\\scripts\\blaze_puppeteer_collector_v5_complete.js","function":"monitorRoulette","line":289,"method":null,"native":false},{"column":7,"file":"C:\\Users\\Ivan Xavier\\CascadeProjects\\roulette_monitor\\backend_js\\scripts\\blaze_puppeteer_collector_v5_complete.js","function":"async initializeCollector","line":416,"method":null,"native":false},{"column":5,"file":"C:\\Users\\Ivan Xavier\\CascadeProjects\\roulette_monitor\\backend_js\\scripts\\blaze_puppeteer_collector_v5_complete.js","function":"async start","line":493,"method":null,"native":false}]}
{"date":"Mon Aug 11 2025 18:11:36 GMT-0300 (Horário Padrão de Brasília)","error":{"code":"ERR_INVALID_ARG_TYPE"},"level":"\u001b[31merror\u001b[39m","message":"unhandledRejection: The \"delay\" argument must be of type number. Received function \nTypeError [ERR_INVALID_ARG_TYPE]: The \"delay\" argument must be of type number. Received function \n    at setTimeout (node:timers/promises:56:7)\n    at C:\\Users\\Ivan Xavier\\CascadeProjects\\roulette_monitor\\backend_js\\scripts\\blaze_puppeteer_collector_v5_complete.js:289:34\n    at new Promise (<anonymous>)\n    at monitorRoulette (C:\\Users\\Ivan Xavier\\CascadeProjects\\roulette_monitor\\backend_js\\scripts\\blaze_puppeteer_collector_v5_complete.js:289:11)\n    at async initializeCollector (C:\\Users\\Ivan Xavier\\CascadeProjects\\roulette_monitor\\backend_js\\scripts\\blaze_puppeteer_collector_v5_complete.js:416:7)\n    at async start (C:\\Users\\Ivan Xavier\\CascadeProjects\\roulette_monitor\\backend_js\\scripts\\blaze_puppeteer_collector_v5_complete.js:493:5)","os":{"loadavg":[0,0,0],"uptime":237898.046},"process":{"argv":["C:\\Program Files\\nodejs\\node.exe","C:\\Users\\Ivan Xavier\\CascadeProjects\\roulette_monitor\\backend_js\\scripts\\blaze_puppeteer_collector_v5_complete.js"],"cwd":"C:\\Users\\Ivan Xavier\\CascadeProjects\\roulette_monitor\\backend_js","execPath":"C:\\Program Files\\nodejs\\node.exe","gid":null,"memoryUsage":{"arrayBuffers":143669,"external":2525053,"heapTotal":32428032,"heapUsed":16608288,"rss":64393216},"pid":8552,"uid":null,"version":"v22.16.0"},"rejection":true,"stack":"TypeError [ERR_INVALID_ARG_TYPE]: The \"delay\" argument must be of type number. Received function \n    at setTimeout (node:timers/promises:56:7)\n    at C:\\Users\\Ivan Xavier\\CascadeProjects\\roulette_monitor\\backend_js\\scripts\\blaze_puppeteer_collector_v5_complete.js:289:34\n    at new Promise (<anonymous>)\n    at monitorRoulette (C:\\Users\\Ivan Xavier\\CascadeProjects\\roulette_monitor\\backend_js\\scripts\\blaze_puppeteer_collector_v5_complete.js:289:11)\n    at async initializeCollector (C:\\Users\\Ivan Xavier\\CascadeProjects\\roulette_monitor\\backend_js\\scripts\\blaze_puppeteer_collector_v5_complete.js:416:7)\n    at async start (C:\\Users\\Ivan Xavier\\CascadeProjects\\roulette_monitor\\backend_js\\scripts\\blaze_puppeteer_collector_v5_complete.js:493:5)","timestamp":"2025-08-11 18:11:36","trace":[{"column":7,"file":"node:timers/promises","function":"setTimeout","line":56,"method":null,"native":false},{"column":34,"file":"C:\\Users\\Ivan Xavier\\CascadeProjects\\roulette_monitor\\backend_js\\scripts\\blaze_puppeteer_collector_v5_complete.js","function":null,"line":289,"method":null,"native":false},{"column":null,"file":null,"function":"new Promise","line":null,"method":null,"native":false},{"column":11,"file":"C:\\Users\\Ivan Xavier\\CascadeProjects\\roulette_monitor\\backend_js\\scripts\\blaze_puppeteer_collector_v5_complete.js","function":"monitorRoulette","line":289,"method":null,"native":false},{"column":7,"file":"C:\\Users\\Ivan Xavier\\CascadeProjects\\roulette_monitor\\backend_js\\scripts\\blaze_puppeteer_collector_v5_complete.js","function":"async initializeCollector","line":416,"method":null,"native":false},{"column":5,"file":"C:\\Users\\Ivan Xavier\\CascadeProjects\\roulette_monitor\\backend_js\\scripts\\blaze_puppeteer_collector_v5_complete.js","function":"async start","line":493,"method":null,"native":false}]}
