[2025-08-08T19:54:38.846Z] Iniciando o coletor de dados da roleta...
[2025-08-08T19:54:38.850Z] Iniciando o navegador...
[2025-08-08T19:54:38.918Z] Conectado ao banco de dados SQLite com sucesso!
[2025-08-08T19:54:38.922Z] Erro no coletor:
{
  "code": "MODULE_NOT_FOUND",
  "requireStack": [
    "C:\\Users\\Ivan Xavier\\CascadeProjects\\roulette_monitor\\node_modules\\puppeteer-extra\\dist\\index.cjs.js",
    "C:\\Users\\Ivan Xavier\\CascadeProjects\\roulette_monitor\\backend_scripts\\simple_roulette_collector.js"
  ]
}
[2025-08-08T19:55:54.568Z] Iniciando o coletor de dados da roleta...
[2025-08-08T19:55:54.569Z] Iniciando o navegador...
[2025-08-08T19:55:54.611Z] Conectado ao banco de dados SQLite com sucesso!
[2025-08-08T19:55:55.211Z] Navegando para https://blaze.bet.br/games/roleta-brasileira...
[2025-08-08T19:56:55.226Z] Erro no coletor:
{
  "name": "TimeoutError"
}
[2025-08-08T20:03:40.966Z] Iniciando o coletor de dados da roleta...
[2025-08-08T20:03:40.967Z] Iniciando o navegador em modo headless...
[2025-08-08T20:03:41.012Z] Conectado ao banco de dados SQLite com sucesso!
[2025-08-08T20:03:41.338Z] Criando nova página...
[2025-08-08T20:03:41.399Z] Habilitando interceptação de requisições...
[2025-08-08T20:03:41.401Z] Criando sessão CDP para monitorar WebSockets...
[2025-08-08T20:03:41.402Z] Navegando para https://blaze.bet.br/games/roleta-brasileira...
[2025-08-08T20:04:41.406Z] Erro no coletor:
{
  "name": "TimeoutError"
}
[2025-08-08T20:12:14.746Z] Iniciando o coletor de dados da roleta...
[2025-08-08T20:12:14.747Z] Iniciando o navegador...
[2025-08-08T20:12:14.791Z] Conectado ao banco de dados SQLite com sucesso!
[2025-08-08T20:12:15.143Z] Criando nova página...
[2025-08-08T20:12:15.261Z] Habilitando interceptação de requisições...
[2025-08-08T20:12:15.262Z] Criando sessão CDP para monitorar WebSockets...
[2025-08-08T20:12:15.264Z] Navegando para https://blaze.bet.br/games/roleta-brasileira...
[2025-08-08T20:14:15.281Z] Erro ao navegar para a página da roleta:
{
  "name": "TimeoutError"
}
[2025-08-08T20:14:15.282Z] Erro no coletor:
{
  "name": "TimeoutError"
}
[2025-08-08T20:17:23.402Z] Iniciando o coletor de dados da roleta...
[2025-08-08T20:17:23.404Z] Iniciando o navegador...
[2025-08-08T20:17:23.448Z] Conectado ao banco de dados SQLite com sucesso!
[2025-08-08T20:17:23.810Z] Criando nova página...
[2025-08-08T20:17:23.931Z] Configurando user agent: Mozilla/5.0 (Macintosh; Intel Mac OS X 10_15_7) AppleWebKit/537.36 (KHTML, like Gecko) Chrome/138.0.0.0 Safari/537.36
[2025-08-08T20:17:23.943Z] Headers configurados com sucesso
[2025-08-08T20:17:23.948Z] Configurações de stealth aplicadas com sucesso
[2025-08-08T20:17:23.949Z] Habilitando interceptação de requisições...
[2025-08-08T20:17:23.954Z] Criando sessão CDP para monitorar WebSockets...
[2025-08-08T20:17:23.958Z] Navegando para https://blaze.bet.br/games/roleta-brasileira...
[2025-08-08T20:17:23.958Z] Carregando a página inicial...
[2025-08-08T20:20:23.969Z] Erro ao carregar a página inicial, tentando continuar mesmo assim...
{
  "name": "TimeoutError"
}
[2025-08-08T20:20:23.970Z] Aguardando 5239ms para carregamento...
[2025-08-08T20:20:23.970Z] Erro ao navegar para a página da roleta:
{}
[2025-08-08T20:20:23.971Z] Erro no coletor:
{}
