[2025-08-08T04:46:10.684Z] [ws_1754628370682] WEBSOCKET: Connection created to wss://api-v2.blaze.bet.br/replication/?EIO=3&transport=websocket
[2025-08-08T04:46:10.848Z] [ws_1754628370682] RECEIVED: Raw payload (86 bytes)
[2025-08-08T04:46:11.173Z] [ws_1754628370682] RECEIVED: JSON Payload:
[2025-08-08T04:46:11.173Z] [ws_1754628370682] RECEIVED_DATA: 40
[2025-08-08T04:46:11.271Z] [ws_1754628370682] SENT: Raw payload (78 bytes)
[2025-08-08T04:46:11.436Z] [ws_1754628370682] RECEIVED: Raw payload (9 bytes)
[2025-08-08T04:46:20.346Z] [ws_1754628370682] RECEIVED: Raw payload (546 bytes)
[2025-08-08T04:46:22.313Z] [ws_1754628370682] RECEIVED: Raw payload (540 bytes)
[2025-08-08T04:46:35.805Z] [ws_1754628370682] SENT: JSON Payload:
[2025-08-08T04:46:35.805Z] [ws_1754628370682] SENT_DATA: 2
[2025-08-08T04:46:35.825Z] [ws_1754628370682] RECEIVED: JSON Payload:
[2025-08-08T04:46:35.825Z] [ws_1754628370682] RECEIVED_DATA: 3
[2025-08-08T04:46:57.044Z] [ws_1754628370682] RECEIVED: Raw payload (533 bytes)
[2025-08-08T04:47:00.837Z] [ws_1754628370682] SENT: JSON Payload:
[2025-08-08T04:47:00.837Z] [ws_1754628370682] SENT_DATA: 2
[2025-08-08T04:47:00.861Z] [ws_1754628370682] RECEIVED: JSON Payload:
[2025-08-08T04:47:00.862Z] [ws_1754628370682] RECEIVED_DATA: 3
[2025-08-08T04:47:25.877Z] [ws_1754628370682] SENT: JSON Payload:
[2025-08-08T04:47:25.878Z] [ws_1754628370682] SENT_DATA: 2
[2025-08-08T04:47:25.898Z] [ws_1754628370682] RECEIVED: JSON Payload:
[2025-08-08T04:47:25.899Z] [ws_1754628370682] RECEIVED_DATA: 3
[2025-08-08T04:47:32.378Z] [ws_1754628370682] RECEIVED: Raw payload (538 bytes)
[2025-08-08T04:47:50.903Z] [ws_1754628370682] SENT: JSON Payload:
[2025-08-08T04:47:50.904Z] [ws_1754628370682] SENT_DATA: 2
[2025-08-08T04:47:50.924Z] [ws_1754628370682] RECEIVED: JSON Payload:
[2025-08-08T04:47:50.924Z] [ws_1754628370682] RECEIVED_DATA: 3
