[2025-08-08T04:46:10.689Z] [ws_1754628370688] WEBSOCKET: Connection created to wss://api-gaming.blaze.bet.br/replication/?EIO=3&transport=websocket
[2025-08-08T04:46:11.177Z] [ws_1754628370688] RECEIVED: Raw payload (86 bytes)
[2025-08-08T04:46:11.423Z] [ws_1754628370688] RECEIVED: JSON Payload:
[2025-08-08T04:46:11.424Z] [ws_1754628370688] RECEIVED_DATA: 40
[2025-08-08T04:46:36.177Z] [ws_1754628370688] SENT: JSON Payload:
[2025-08-08T04:46:36.177Z] [ws_1754628370688] SENT_DATA: 2
[2025-08-08T04:46:36.199Z] [ws_1754628370688] RECEIVED: JSON Payload:
[2025-08-08T04:46:36.200Z] [ws_1754628370688] RECEIVED_DATA: 3
[2025-08-08T04:47:01.212Z] [ws_1754628370688] SENT: JSON Payload:
[2025-08-08T04:47:01.213Z] [ws_1754628370688] SENT_DATA: 2
[2025-08-08T04:47:01.230Z] [ws_1754628370688] RECEIVED: JSON Payload:
[2025-08-08T04:47:01.231Z] [ws_1754628370688] RECEIVED_DATA: 3
[2025-08-08T04:47:26.242Z] [ws_1754628370688] SENT: JSON Payload:
[2025-08-08T04:47:26.243Z] [ws_1754628370688] SENT_DATA: 2
[2025-08-08T04:47:26.261Z] [ws_1754628370688] RECEIVED: JSON Payload:
[2025-08-08T04:47:26.262Z] [ws_1754628370688] RECEIVED_DATA: 3
[2025-08-08T04:47:51.264Z] [ws_1754628370688] SENT: JSON Payload:
[2025-08-08T04:47:51.265Z] [ws_1754628370688] SENT_DATA: 2
[2025-08-08T04:47:51.288Z] [ws_1754628370688] RECEIVED: JSON Payload:
[2025-08-08T04:47:51.288Z] [ws_1754628370688] RECEIVED_DATA: 3
