[2025-08-08T04:53:27.378Z] [ws_1754628807377] WEBSOCKET: Connection created to wss://api-gaming.blaze.bet.br/replication/?EIO=3&transport=websocket
[2025-08-08T04:53:27.801Z] [ws_1754628807377] RECEIVED: Raw payload (86 bytes)
[2025-08-08T04:53:27.878Z] [ws_1754628807377] RECEIVED: JSON Payload:
[2025-08-08T04:53:27.878Z] [ws_1754628807377] RECEIVED_DATA: 40
[2025-08-08T04:53:52.807Z] [ws_1754628807377] SENT: JSON Payload:
[2025-08-08T04:53:52.807Z] [ws_1754628807377] SENT_DATA: 2
[2025-08-08T04:53:52.828Z] [ws_1754628807377] RECEIVED: JSON Payload:
[2025-08-08T04:53:52.829Z] [ws_1754628807377] RECEIVED_DATA: 3
[2025-08-08T04:54:17.832Z] [ws_1754628807377] SENT: JSON Payload:
[2025-08-08T04:54:17.832Z] [ws_1754628807377] SENT_DATA: 2
[2025-08-08T04:54:17.851Z] [ws_1754628807377] RECEIVED: JSON Payload:
[2025-08-08T04:54:17.852Z] [ws_1754628807377] RECEIVED_DATA: 3
[2025-08-08T04:54:42.854Z] [ws_1754628807377] SENT: JSON Payload:
[2025-08-08T04:54:42.855Z] [ws_1754628807377] SENT_DATA: 2
[2025-08-08T04:54:42.875Z] [ws_1754628807377] RECEIVED: JSON Payload:
[2025-08-08T04:54:42.876Z] [ws_1754628807377] RECEIVED_DATA: 3
[2025-08-08T04:55:07.888Z] [ws_1754628807377] SENT: JSON Payload:
[2025-08-08T04:55:07.889Z] [ws_1754628807377] SENT_DATA: 2
[2025-08-08T04:55:07.908Z] [ws_1754628807377] RECEIVED: JSON Payload:
[2025-08-08T04:55:07.908Z] [ws_1754628807377] RECEIVED_DATA: 3
