[2025-08-08T04:53:27.375Z] [ws_1754628807374] WEBSOCKET: Connection created to wss://api-v2.blaze.bet.br/replication/?EIO=3&transport=websocket
[2025-08-08T04:53:27.556Z] [ws_1754628807374] RECEIVED: Raw payload (86 bytes)
[2025-08-08T04:53:27.860Z] [ws_1754628807374] RECEIVED: JSON Payload:
[2025-08-08T04:53:27.861Z] [ws_1754628807374] RECEIVED_DATA: 40
[2025-08-08T04:53:27.946Z] [ws_1754628807374] SENT: Raw payload (78 bytes)
[2025-08-08T04:53:28.106Z] [ws_1754628807374] RECEIVED: Raw payload (9 bytes)
[2025-08-08T04:53:52.514Z] [ws_1754628807374] SENT: JSON Payload:
[2025-08-08T04:53:52.514Z] [ws_1754628807374] SENT_DATA: 2
[2025-08-08T04:53:52.542Z] [ws_1754628807374] RECEIVED: JSON Payload:
[2025-08-08T04:53:52.542Z] [ws_1754628807374] RECEIVED_DATA: 3
[2025-08-08T04:53:59.133Z] [ws_1754628807374] RECEIVED: Raw payload (541 bytes)
[2025-08-08T04:54:17.552Z] [ws_1754628807374] SENT: JSON Payload:
[2025-08-08T04:54:17.552Z] [ws_1754628807374] SENT_DATA: 2
[2025-08-08T04:54:17.573Z] [ws_1754628807374] RECEIVED: JSON Payload:
[2025-08-08T04:54:17.573Z] [ws_1754628807374] RECEIVED_DATA: 3
[2025-08-08T04:54:39.193Z] [ws_1754628807374] RECEIVED: Raw payload (548 bytes)
[2025-08-08T04:54:42.574Z] [ws_1754628807374] SENT: JSON Payload:
[2025-08-08T04:54:42.574Z] [ws_1754628807374] SENT_DATA: 2
[2025-08-08T04:54:42.596Z] [ws_1754628807374] RECEIVED: JSON Payload:
[2025-08-08T04:54:42.596Z] [ws_1754628807374] RECEIVED_DATA: 3
[2025-08-08T04:55:07.606Z] [ws_1754628807374] SENT: JSON Payload:
[2025-08-08T04:55:07.606Z] [ws_1754628807374] SENT_DATA: 2
[2025-08-08T04:55:07.628Z] [ws_1754628807374] RECEIVED: JSON Payload:
[2025-08-08T04:55:07.628Z] [ws_1754628807374] RECEIVED_DATA: 3
